
Memory Configuration

Name             Origin             Length             Attributes
RAM              0x20000000         0x00005000         xrw
FLASH            0x08000000         0x00010000         xr
*default*        0x00000000         0xffffffff

Linker script and memory map

                0x00000200                _Min_Heap_Size = 0x200
                0x00000400                _Min_Stack_Size = 0x400
                0x20005000                _estack = (ORIGIN (RAM) + LENGTH (RAM))

.isr_vector     0x08000000       0x40
                0x08000000                . = ALIGN (0x4)
 *(.isr_vector)
 .isr_vector    0x08000000       0x40 startup_stm32f103c8tx.o
                0x08000000                Vector_Table
                0x08000040                . = ALIGN (0x4)

.text           0x08000040       0xc0
                0x08000040                . = ALIGN (0x4)
 *(.text)
 .text          0x08000040       0xb8 startup_stm32f103c8tx.o
                0x0800004c                Reset_Handler
                0x080000ec                SysTick_Handler
                0x080000ec                PendSV_Handler
                0x080000ec                NMI_Handler
                0x080000ec                UsageFault_Handler
                0x080000ec                HardFault_Handler
                0x080000ec                DebugMon_Handler
                0x080000ec                Default_Handler
                0x080000ec                MemManage_Handler
                0x080000ec                SVC_Handler
                0x080000ec                BusFault_Handler
 .text          0x080000f8        0x6 app.o
                0x080000f8                main
 *(.text*)
                0x08000100                . = ALIGN (0x4)
 *fill*         0x080000fe        0x2 
                0x08000100                _etext = .

.glue_7         0x08000100        0x0
 .glue_7        0x08000100        0x0 linker stubs

.glue_7t        0x08000100        0x0
 .glue_7t       0x08000100        0x0 linker stubs

.vfp11_veneer   0x08000100        0x0
 .vfp11_veneer  0x08000100        0x0 linker stubs

.v4_bx          0x08000100        0x0
 .v4_bx         0x08000100        0x0 linker stubs

.iplt           0x08000100        0x0
 .iplt          0x08000100        0x0 startup_stm32f103c8tx.o

.rodata         0x08000100        0x8
                0x08000100                . = ALIGN (0x4)
 *(.rodata)
 .rodata        0x08000100        0x4 startup_stm32f103c8tx.o
                0x08000100                MSP_Value
 .rodata        0x08000104        0x4 app.o
                0x08000104                x
 *(.rodata*)
                0x08000108                . = ALIGN (0x4)
                0x08000108                _sidata = LOADADDR (.data)

.rel.dyn        0x08000108        0x0
 .rel.iplt      0x08000108        0x0 startup_stm32f103c8tx.o

.data           0x20000000        0x8 load address 0x08000108
                0x20000000                . = ALIGN (0x4)
                0x20000000                _sdata = .
 *(.data)
 .data          0x20000000        0x0 startup_stm32f103c8tx.o
 .data          0x20000000        0x8 app.o
                0x20000000                counter1
                0x20000004                counter2
 *(.data*)
                0x20000008                . = ALIGN (0x4)
                0x20000008                _edata = .

.igot.plt       0x20000008        0x0 load address 0x08000110
 .igot.plt      0x20000008        0x0 startup_stm32f103c8tx.o
                0x20000008                . = ALIGN (0x4)

.bss            0x20000008        0x0 load address 0x08000110
                0x20000008                _sbss = .
 *(.bss)
 .bss           0x20000008        0x0 startup_stm32f103c8tx.o
 .bss           0x20000008        0x0 app.o
 *(.bss*)
                0x20000008                . = ALIGN (0x4)
                0x20000008                _ebss = .

._user_heap_stack
                0x20000008      0x600 load address 0x08000110
                0x20000008                . = ALIGN (0x8)
                0x20000208                . = (. + _Min_Heap_Size)
 *fill*         0x20000008      0x200 
                0x20000608                . = (. + _Min_Stack_Size)
 *fill*         0x20000208      0x400 
                0x20000608                . = ALIGN (0x8)
LOAD startup_stm32f103c8tx.o
LOAD app.o
OUTPUT(startup_stm32f103c8tx.elf elf32-littlearm)
LOAD linker stubs

.comment        0x00000000       0x49
 .comment       0x00000000       0x49 startup_stm32f103c8tx.o
                                 0x4a (size before relaxing)
 .comment       0x00000049       0x4a app.o

.ARM.attributes
                0x00000000       0x2d
 .ARM.attributes
                0x00000000       0x2d startup_stm32f103c8tx.o
 .ARM.attributes
                0x0000002d       0x2d app.o
